// Jest Snapshot v1, https://goo.gl/fbAQLP

exports[`RegisterUserForm component renders the complete page 1`] = `<RegisterUserForm />`;
