// Jest Snapshot v1, https://goo.gl/fbAQLP

exports[`EditDonation component renders the complete page 1`] = `<EditDonation />`;
