// Jest Snapshot v1, https://goo.gl/fbAQLP

exports[`Chat component renders the complete page 1`] = `<Chat />`;
