// Jest Snapshot v1, https://goo.gl/fbAQLP

exports[`Navbar component renders the complete page 1`] = `<Navbar />`;
