// Jest Snapshot v1, https://goo.gl/fbAQLP

exports[`Messages component renders the complete page 1`] = `<Messages />`;
