// Jest Snapshot v1, https://goo.gl/fbAQLP

exports[`Dashboard component renders the complete page 1`] = `<Dashboard />`;
