// Jest Snapshot v1, https://goo.gl/fbAQLP

exports[`RegisterOrgForm component renders the complete page 1`] = `<RegisterOrgForm />`;
