// Jest Snapshot v1, https://goo.gl/fbAQLP

exports[`Register component renders the complete page 1`] = `
<div
  className="register-wrapper"
>
  <section
    className="register-section"
  >
    <header
      className="register-header"
    >
      <h1>
        Register
      </h1>
    </header>
    <article>
      <div>
        <form
          className="register form"
          onSubmit={[Function]}
        >
          <div>
            <label
              className="label"
              htmlFor="usertype"
            >
              User Type
            </label>
            <select
              id="usertype"
              name="usertype"
            >
              <option
                value="user"
              >
                User
              </option>
              <option
                value="org"
              >
                Organization
              </option>
            </select>
          </div>
          <div>
            <label
              className="label"
              htmlFor="username"
            >
              Username or Organization Name
            </label>
            <input
              id="username"
              name="username"
              placeholder="username"
              type="text"
            />
          </div>
          <div>
            <label
              className="label"
              htmlFor="email"
            >
              Email
            </label>
            <input
              id="email"
              name="email"
              placeholder="email"
              type="email"
            />
          </div>
          <div>
            <label
              className="label"
              htmlFor="password"
            >
              Password
            </label>
            <input
              id="password"
              name="password"
              placeholder="password"
              type="password"
            />
          </div>
          <div>
            <label
              className="label"
              htmlFor="address"
            >
              Address
            </label>
            <input
              id="address"
              name="address"
              placeholder="address"
              type="text"
            />
          </div>
          <div>
            <label
              className="label"
              htmlFor="city"
            >
              City
            </label>
            <input
              id="city"
              name="city"
              placeholder="city"
              type="text"
            />
          </div>
          <div>
            <label
              className="label"
              htmlFor="state"
            >
              state
            </label>
            <input
              id="state"
              name="state"
              placeholder="ST"
              type="text"
            />
          </div>
          <div>
            <label
              className="label"
              htmlFor="zipcode"
            >
              zipcode
            </label>
            <input
              id="zipcode"
              name="zipcode"
              pattern="[0-9]{5}"
              placeholder="zipcode"
              title="Five digit zip code"
              type="text"
            />
          </div>
          <div
            className="register-button"
          >
            <button
              type="submit"
            >
              Register
            </button>
          </div>
        </form>
      </div>
    </article>
  </section>
</div>
`;
