// Jest Snapshot v1, https://goo.gl/fbAQLP

exports[`Donation component renders the complete page 1`] = `<Donation />`;
