// Jest Snapshot v1, https://goo.gl/fbAQLP

exports[`Login component renders the complete page 1`] = `<Login />`;
